============================= test session starts =============================
platform win32 -- Python 3.13.7, pytest-9.0.2, pluggy-1.6.0
rootdir: C:\Users\a\OneDrive\바탕 화면\로또분석
collected 33 items / 3 errors

=================================== ERRORS ====================================
_ ERROR collecting 99_Warehouse_Legacy/99_Backup_Legacy_Old/tests/test_fixed_structure.py _
ImportError while importing test module 'C:\Users\a\OneDrive\바탕 화면\로또분석\99_Warehouse_Legacy\99_Backup_Legacy_Old\tests\test_fixed_structure.py'.
Hint: make sure your test modules/packages have valid Python names.
Traceback:
C:\Python313\Lib\importlib\__init__.py:88: in import_module
    return _bootstrap._gcd_import(name[level:], package, level)
           ^^^^^^^^^^^^^^^^^^^^^^^^^^^^^^^^^^^^^^^^^^^^^^^^^^^^
99_Warehouse_Legacy\99_Backup_Legacy_Old\tests\test_fixed_structure.py:5: in <module>
    from nt_vnext.fixed_structure import (
E   ModuleNotFoundError: No module named 'nt_vnext'
_ ERROR collecting 99_Warehouse_Legacy/99_Backup_Legacy_Old/tests/test_learning_coverage.py _
ImportError while importing test module 'C:\Users\a\OneDrive\바탕 화면\로또분석\99_Warehouse_Legacy\99_Backup_Legacy_Old\tests\test_learning_coverage.py'.
Hint: make sure your test modules/packages have valid Python names.
Traceback:
C:\Python313\Lib\importlib\__init__.py:88: in import_module
    return _bootstrap._gcd_import(name[level:], package, level)
           ^^^^^^^^^^^^^^^^^^^^^^^^^^^^^^^^^^^^^^^^^^^^^^^^^^^^
C:\Users\a\OneDrive\바탕 화면\로또분석\tests\test_learning_coverage.py:6: in <module>
    ???
E   ModuleNotFoundError: No module named 'nt_vnext'
_ ERROR collecting 99_Warehouse_Legacy/Scripts_Old_Root/preliminary_v2_test.py _
ImportError while importing test module 'C:\Users\a\OneDrive\바탕 화면\로또분석\99_Warehouse_Legacy\Scripts_Old_Root\preliminary_v2_test.py'.
Hint: make sure your test modules/packages have valid Python names.
Traceback:
C:\Python313\Lib\importlib\__init__.py:88: in import_module
    return _bootstrap._gcd_import(name[level:], package, level)
           ^^^^^^^^^^^^^^^^^^^^^^^^^^^^^^^^^^^^^^^^^^^^^^^^^^^^
99_Warehouse_Legacy\Scripts_Old_Root\preliminary_v2_test.py:9: in <module>
    from engines.nt_scoreboard import build_nt_scoreboard
E   ModuleNotFoundError: No module named 'engines'
============================== warnings summary ===============================
tests\test_golden_contract.py:17
  C:\Users\a\OneDrive\바탕 화면\로또분석\tests\test_golden_contract.py:17: PytestUnknownMarkWarning: Unknown pytest.mark.golden - is this a typo?  You can register custom marks to avoid this warning - for details, see https://docs.pytest.org/en/stable/how-to/mark.html
    @pytest.mark.golden

tests\test_golden_contract.py:56
  C:\Users\a\OneDrive\바탕 화면\로또분석\tests\test_golden_contract.py:56: PytestUnknownMarkWarning: Unknown pytest.mark.golden - is this a typo?  You can register custom marks to avoid this warning - for details, see https://docs.pytest.org/en/stable/how-to/mark.html
    @pytest.mark.golden

-- Docs: https://docs.pytest.org/en/stable/how-to/capture-warnings.html
=========================== short test summary info ===========================
ERROR 99_Warehouse_Legacy/99_Backup_Legacy_Old/tests/test_fixed_structure.py
ERROR 99_Warehouse_Legacy/99_Backup_Legacy_Old/tests/test_learning_coverage.py
ERROR 99_Warehouse_Legacy/Scripts_Old_Root/preliminary_v2_test.py
!!!!!!!!!!!!!!!!!!! Interrupted: 3 errors during collection !!!!!!!!!!!!!!!!!!!
======================== 2 warnings, 3 errors in 2.92s ========================
